# Starts a Stopwatch and then uses CWL to print the elapsed time.
define Run()
	if Scope is Member then
		Process()
	else
		Raise("Selection is not within a member.")
	end
end

define Process()
	Globals.AddUsing("System.Diagnostics")
	
	let name = GetUniqueName("watch") in
		InsertBeforeSelection("Stopwatch #{name} = Stopwatch.StartNew•();")
		InsertAfterSelection("Console.WriteLine•(""elapsed: {0:0.000} secs"", #{name}.ElapsedMilliseconds/1000.0);")
	end
end
